// Jest Snapshot v1, https://goo.gl/fbAQLP

exports[`LoadingComponent does not render when loading state is false 1`] = `null`;

exports[`LoadingComponent renders correctly when loading state is true 1`] = `
<div
  class="absolute flex flex-col z-[500] items-center mx-auto justify-center bg-white/50 w-screen h-screen p-4"
>
  <img
    class=" w-20 h-auto mb-4"
    src="mocked-image"
  />
  <h1
    class=" text-2xl text-cyan-600 shadow-cyan-800  drop-shadow-2xl"
  >
    LOADING....
  </h1>
</div>
`;
